// Jest Snapshot v1, https://goo.gl/fbAQLP

exports[`Renders "The expected list of ingredients 1`] = `
<div>
  <h3>
    Blueberry Oatmeal Squares
  </h3>
  <ul
    style="list-style-type:none"
  >
    <span
      style="font-weight:bold"
    >
      Ingredients
    </span>
    <li>
      2-1/2 cups - rolled oats, (not instant)
    </li>
    <li>
      1-1/4 cups - all-purpose flour
    </li>
    <li>
      1 tbsp - grated orange rind
    </li>
    <li>
      1/4 tsp - salt
    </li>
    <li>
      1 cup - cold butter, cubed
    </li>
    <li>
      3/4 cup - packed brown sugar
    </li>
    <li>
      3 cups - fresh blueberries
    </li>
    <li>
      1/2 cup - granulated sugar
    </li>
    <li>
      1/3 cup - orange juice
    </li>
    <li>
      4 tsp - cornstarch
    </li>
  </ul>
</div>
`;
